To honour the JVM settings for this build a single-use Daemon process will be forked. For more on this, please refer to https://docs.gradle.org/8.14.3/userguide/gradle_daemon.html#sec:disabling_the_daemon in the Gradle documentation.
Daemon will be stopped at the end of the build 
Type-safe project accessors is an incubating feature.
> Task :composeApp:kmpPartiallyResolvedDependenciesChecker
> Task :composeApp:checkKotlinGradlePluginConfigurationErrors SKIPPED
> Task :composeApp:convertXmlValueResourcesForCommonMain NO-SOURCE
> Task :composeApp:copyNonXmlValueResourcesForCommonMain NO-SOURCE
> Task :composeApp:prepareComposeResourcesTaskForCommonMain NO-SOURCE
> Task :composeApp:generateResourceAccessorsForCommonMain NO-SOURCE
> Task :composeApp:convertXmlValueResourcesForJvmMain NO-SOURCE
> Task :composeApp:copyNonXmlValueResourcesForJvmMain UP-TO-DATE
> Task :composeApp:prepareComposeResourcesTaskForJvmMain UP-TO-DATE
> Task :composeApp:generateResourceAccessorsForJvmMain UP-TO-DATE
> Task :composeApp:generateActualResourceCollectorsForJvmMain UP-TO-DATE
> Task :composeApp:generateComposeResClass UP-TO-DATE
> Task :composeApp:generateExpectResourceCollectorsForCommonMain UP-TO-DATE
> Task :core:checkKotlinGradlePluginConfigurationErrors SKIPPED
> Task :core:compileKotlin UP-TO-DATE
> Task :core:compileJava NO-SOURCE
> Task :core:processResources NO-SOURCE
> Task :core:classes UP-TO-DATE
> Task :core:jar UP-TO-DATE
> Task :infra:checkKotlinGradlePluginConfigurationErrors SKIPPED
> Task :infra:compileKotlin UP-TO-DATE
> Task :infra:compileJava NO-SOURCE
> Task :infra:processResources NO-SOURCE
> Task :infra:classes UP-TO-DATE
> Task :infra:jar UP-TO-DATE
> Task :composeApp:compileKotlinJvm UP-TO-DATE
> Task :composeApp:compileJvmMainJava NO-SOURCE
> Task :composeApp:assembleJvmMainResources UP-TO-DATE
> Task :composeApp:jvmProcessResources UP-TO-DATE
> Task :composeApp:processJvmMainResources SKIPPED
> Task :composeApp:jvmMainClasses UP-TO-DATE
> Task :composeApp:jvmJar UP-TO-DATE
> Task :composeApp:prepareAppResources NO-SOURCE
> Task :composeApp:run

BUILD SUCCESSFUL in 2m 21s
16 actionable tasks: 2 executed, 14 up-to-date
